[    0.000000] Initializing cgroup subsys cpuset
[    0.000000] Initializing cgroup subsys cpu
[    0.000000] Initializing cgroup subsys cpuacct
[    0.000000] Linux version 4.4.0-210-generic (buildd@lgw01-amd64-009) (gcc version 5.4.0 20160609 (Ubuntu 5.4.0-6ubuntu1~16.04.12) ) #242-Ubuntu SMP Fri Apr 16 09:57:56 UTC 2021 (Ubuntu 4.4.0-210.242-generic 4.4.262)
[    0.000000] Command line: BOOT_IMAGE=/boot/vmlinuz-4.4.0-210-generic root=LABEL=cloudimg-rootfs ro console=tty1 console=ttyS0
[    0.000000] KERNEL supported cpus:
[    0.000000]   Intel GenuineIntel
[    0.000000]   AMD AuthenticAMD
[    0.000000]   Centaur CentaurHauls
[    0.000000] x86/fpu: xstate_offset[2]:  576, xstate_sizes[2]:  256
[    0.000000] x86/fpu: Supporting XSAVE feature 0x01: 'x87 floating point registers'
[    0.000000] x86/fpu: Supporting XSAVE feature 0x02: 'SSE registers'
[    0.000000] x86/fpu: Supporting XSAVE feature 0x04: 'AVX registers'
[    0.000000] x86/fpu: Enabled xstate features 0x7, context size is 832 bytes, using 'standard' format.
[    0.000000] e820: BIOS-provided physical RAM map:
[    0.000000] BIOS-e820: [mem 0x0000000000000000-0x000000000009fbff] usable
[    0.000000] BIOS-e820: [mem 0x000000000009fc00-0x000000000009ffff] reserved
[    0.000000] BIOS-e820: [mem 0x00000000000f0000-0x00000000000fffff] reserved
[    0.000000] BIOS-e820: [mem 0x0000000000100000-0x000000003ffeffff] usable
[    0.000000] BIOS-e820: [mem 0x000000003fff0000-0x000000003fffffff] ACPI data
[    0.000000] BIOS-e820: [mem 0x00000000fec00000-0x00000000fec00fff] reserved
[    0.000000] BIOS-e820: [mem 0x00000000fee00000-0x00000000fee00fff] reserved
[    0.000000] BIOS-e820: [mem 0x00000000fffc0000-0x00000000ffffffff] reserved
[    0.000000] NX (Execute Disable) protection: active
[    0.000000] SMBIOS 2.5 present.
[    0.000000] Hypervisor detected: KVM
[    0.000000] e820: last_pfn = 0x3fff0 max_arch_pfn = 0x400000000
[    0.000000] MTRR: Disabled
[    0.000000] x86/PAT: MTRRs disabled, skipping PAT initialization too.
[    0.000000] CPU MTRRs all blank - virtualized system.
[    0.000000] x86/PAT: Configuration [0-7]: WB  WT  UC- UC  WB  WT  UC- UC  
[    0.000000] found SMP MP-table at [mem 0x0009fff0-0x0009ffff] mapped at [ffff88000009fff0]
[    0.000000] Scanning 1 areas for low memory corruption
[    0.000000] RAMDISK: [mem 0x362dc000-0x37165fff]
[    0.000000] ACPI: Early table checksum verification disabled
[    0.000000] ACPI: RSDP 0x00000000000E0000 000024 (v02 VBOX  )
[    0.000000] ACPI: XSDT 0x000000003FFF0030 00003C (v01 VBOX   VBOXXSDT 00000001 ASL  00000061)
[    0.000000] ACPI: FACP 0x000000003FFF00F0 0000F4 (v04 VBOX   VBOXFACP 00000001 ASL  00000061)
[    0.000000] ACPI: DSDT 0x000000003FFF0470 002325 (v02 VBOX   VBOXBIOS 00000002 INTL 20100528)
[    0.000000] ACPI: FACS 0x000000003FFF0200 000040
[    0.000000] ACPI: FACS 0x000000003FFF0200 000040
[    0.000000] ACPI: APIC 0x000000003FFF0240 00005C (v02 VBOX   VBOXAPIC 00000001 ASL  00000061)
[    0.000000] ACPI: SSDT 0x000000003FFF02A0 0001CC (v01 VBOX   VBOXCPUT 00000002 INTL 20100528)
[    0.000000] No NUMA configuration found
[    0.000000] Faking a node at [mem 0x0000000000000000-0x000000003ffeffff]
[    0.000000] NODE_DATA(0) allocated [mem 0x3ffeb000-0x3ffeffff]
[    0.000000] kvm-clock: Using msrs 4b564d01 and 4b564d00
[    0.000000] kvm-clock: cpu 0, msr 0:3ffe3001, primary cpu clock
[    0.000000] kvm-clock: using sched offset of 4538883826 cycles
[    0.000000] clocksource: kvm-clock: mask: 0xffffffffffffffff max_cycles: 0x1cd42e4dffb, max_idle_ns: 881590591483 ns
[    0.000000] Zone ranges:
[    0.000000]   DMA      [mem 0x0000000000001000-0x0000000000ffffff]
[    0.000000]   DMA32    [mem 0x0000000001000000-0x000000003ffeffff]
[    0.000000]   Normal   empty
[    0.000000]   Device   empty
[    0.000000] Movable zone start for each node
[    0.000000] Early memory node ranges
[    0.000000]   node   0: [mem 0x0000000000001000-0x000000000009efff]
[    0.000000]   node   0: [mem 0x0000000000100000-0x000000003ffeffff]
[    0.000000] Initmem setup node 0 [mem 0x0000000000001000-0x000000003ffeffff]
[    0.000000] ACPI: PM-Timer IO Port: 0x4008
[    0.000000] IOAPIC[0]: apic_id 2, version 32, address 0xfec00000, GSI 0-23
[    0.000000] ACPI: INT_SRC_OVR (bus 0 bus_irq 0 global_irq 2 dfl dfl)
[    0.000000] ACPI: INT_SRC_OVR (bus 0 bus_irq 9 global_irq 9 low level)
[    0.000000] Using ACPI (MADT) for SMP configuration information
[    0.000000] smpboot: Allowing 2 CPUs, 0 hotplug CPUs
[    0.000000] PM: Registered nosave memory: [mem 0x00000000-0x00000fff]
[    0.000000] PM: Registered nosave memory: [mem 0x0009f000-0x0009ffff]
[    0.000000] PM: Registered nosave memory: [mem 0x000a0000-0x000effff]
[    0.000000] PM: Registered nosave memory: [mem 0x000f0000-0x000fffff]
[    0.000000] e820: [mem 0x40000000-0xfebfffff] available for PCI devices
[    0.000000] Booting paravirtualized kernel on KVM
[    0.000000] clocksource: refined-jiffies: mask: 0xffffffff max_cycles: 0xffffffff, max_idle_ns: 7645519600211568 ns
[    0.000000] setup_percpu: NR_CPUS:512 nr_cpumask_bits:512 nr_cpu_ids:2 nr_node_ids:1
[    0.000000] PERCPU: Embedded 33 pages/cpu @ffff88003fc00000 s95192 r8192 d31784 u1048576
[    0.000000] Built 1 zonelists in Node order, mobility grouping on.  Total pages: 257912
[    0.000000] Policy zone: DMA32
[    0.000000] Kernel command line: BOOT_IMAGE=/boot/vmlinuz-4.4.0-210-generic root=LABEL=cloudimg-rootfs ro console=tty1 console=ttyS0
[    0.000000] PID hash table entries: 4096 (order: 3, 32768 bytes)
[    0.000000] Memory: 997792K/1048120K available (8644K kernel code, 1332K rwdata, 4044K rodata, 1492K init, 1164K bss, 50328K reserved, 0K cma-reserved)
[    0.000000] SLUB: HWalign=64, Order=0-3, MinObjects=0, CPUs=2, Nodes=1
[    0.000000] Kernel/User page tables isolation: enabled
[    0.000000] Hierarchical RCU implementation.
[    0.000000] 	Build-time adjustment of leaf fanout to 64.
[    0.000000] 	RCU restricting CPUs from NR_CPUS=512 to nr_cpu_ids=2.
[    0.000000] RCU: Adjusting geometry for rcu_fanout_leaf=64, nr_cpu_ids=2
[    0.000000] NR_IRQS:33024 nr_irqs:440 16
[    0.000000] Console: colour VGA+ 80x25
[    0.000000] console [tty1] enabled
[    0.000000] console [ttyS0] enabled
[    0.000000] tsc: Detected 2304.004 MHz processor
[    0.273281] Calibrating delay loop (skipped) preset value.. 4608.00 BogoMIPS (lpj=9216016)
[    0.276419] pid_max: default: 32768 minimum: 301
[    0.278133] ACPI: Core revision 20150930
[    0.282847] ACPI: 2 ACPI AML tables successfully acquired and loaded
[    0.285444] Security Framework initialized
[    0.287257] Yama: becoming mindful.
[    0.288732] AppArmor: AppArmor initialized
[    0.290442] Dentry cache hash table entries: 131072 (order: 8, 1048576 bytes)
[    0.297329] Inode-cache hash table entries: 65536 (order: 7, 524288 bytes)
[    0.299736] Mount-cache hash table entries: 2048 (order: 2, 16384 bytes)
[    0.306240] Mountpoint-cache hash table entries: 2048 (order: 2, 16384 bytes)
[    0.308758] Initializing cgroup subsys io
[    0.310440] Initializing cgroup subsys memory
[    0.312064] Initializing cgroup subsys devices
[    0.313837] Initializing cgroup subsys freezer
[    0.315459] Initializing cgroup subsys net_cls
[    0.317247] Initializing cgroup subsys perf_event
[    0.318936] Initializing cgroup subsys net_prio
[    0.320571] Initializing cgroup subsys hugetlb
[    0.322378] Initializing cgroup subsys pids
[    0.326014] mce: CPU supports 0 MCE banks
[    0.327560] Last level iTLB entries: 4KB 64, 2MB 8, 4MB 8
[    0.330063] Last level dTLB entries: 4KB 64, 2MB 0, 4MB 0, 1GB 4
[    0.332385] Spectre V1 : Mitigation: usercopy/swapgs barriers and __user pointer sanitization
[    0.335626] Spectre V2 : Mitigation: Full generic retpoline
[    0.337665] Spectre V2 : Spectre v2 / SpectreRSB mitigation: Filling RSB on context switch
[    0.340749] Speculative Store Bypass: Vulnerable
[    0.342499] SRBDS: Unknown: Dependent on hypervisor status
[    0.344567] MDS: Mitigation: Clear CPU buffers
[    0.350956] Freeing SMP alternatives memory: 36K
[    0.362897] ftrace: allocating 32380 entries in 127 pages
[    0.468059] smpboot: APIC(0) Converting physical 0 to logical package 0
[    0.470481] smpboot: Max logical packages: 1
[    0.472754] x2apic enabled
[    0.474557] Switched APIC routing to physical x2apic.
[    0.478599] ..TIMER: vector=0x30 apic1=0 pin1=2 apic2=-1 pin2=-1
[    0.589142] smpboot: CPU0: Intel(R) Core(TM) i3-7020U CPU @ 2.30GHz (family: 0x6, model: 0x8e, stepping: 0xa)
[    0.593307] Performance Events: unsupported p6 CPU model 142 no PMU driver, software events only.
[    0.614108] KVM setup paravirtual spinlock
[    0.616771] x86: Booting SMP configuration:
[    0.618556] .... node  #0, CPUs:      #1
[    0.620347] kvm-clock: cpu 1, msr 0:3ffe3041, secondary cpu clock
[    0.623732] mce: CPU supports 0 MCE banks
[    0.626666] x86: Booted up 1 node, 2 CPUs
[    0.628707] smpboot: Total of 2 processors activated (9216.01 BogoMIPS)
[    0.632025] devtmpfs: initialized
[    0.636880] evm: security.selinux
[    0.639066] evm: security.SMACK64
[    0.641144] evm: security.SMACK64EXEC
[    0.643384] evm: security.SMACK64TRANSMUTE
[    0.645925] evm: security.SMACK64MMAP
[    0.648095] evm: security.ima
[    0.650049] evm: security.capability
[    0.652392] clocksource: jiffies: mask: 0xffffffff max_cycles: 0xffffffff, max_idle_ns: 7645041785100000 ns
[    0.657960] futex hash table entries: 512 (order: 3, 32768 bytes)
[    0.661474] pinctrl core: initialized pinctrl subsystem
[    0.664583] RTC time: 18:14:19, date: 03/29/22
[    0.667538] NET: Registered protocol family 16
[    0.682666] cpuidle: using governor ladder
[    0.697369] cpuidle: using governor menu
[    0.700267] PCCT header not found.
[    0.703030] ACPI: bus type PCI registered
[    0.707935] acpiphp: ACPI Hot Plug PCI Controller Driver version: 0.5
[    0.711645] PCI: Using configuration type 1 for base access
[    0.725735] ACPI: Added _OSI(Module Device)
[    0.727594] ACPI: Added _OSI(Processor Device)
[    0.729500] ACPI: Added _OSI(3.0 _SCP Extensions)
[    0.731283] ACPI: Added _OSI(Processor Aggregator Device)
[    0.735187] ACPI: Executed 1 blocks of module-level executable AML code
[    0.742027] ACPI: Interpreter enabled
[    0.744499] ACPI: (supports S0 S5)
[    0.746594] ACPI: Using IOAPIC for interrupt routing
[    0.750120] PCI: Using host bridge windows from ACPI; if necessary, use "pci=nocrs" and report a bug
[    0.762568] ACPI: PCI Root Bridge [PCI0] (domain 0000 [bus 00-ff])
[    0.765041] acpi PNP0A03:00: _OSC: OS supports [ASPM ClockPM Segments MSI]
[    0.768731] acpi PNP0A03:00: _OSC: not requesting OS control; OS requires [ExtendedConfig ASPM ClockPM MSI]
[    0.773997] acpi PNP0A03:00: fail to add MMCONFIG information, can't access extended PCI configuration space under this bridge.
[    0.780886] PCI host bridge to bus 0000:00
[    0.783179] pci_bus 0000:00: root bus resource [io  0x0000-0x0cf7 window]
[    0.786718] pci_bus 0000:00: root bus resource [io  0x0d00-0xffff window]
[    0.790508] pci_bus 0000:00: root bus resource [mem 0x000a0000-0x000bffff window]
[    0.793617] pci_bus 0000:00: root bus resource [mem 0x40000000-0xfdffffff window]
[    0.796448] pci_bus 0000:00: root bus resource [bus 00-ff]
[    0.802671] pci 0000:00:01.1: legacy IDE quirk: reg 0x10: [io  0x01f0-0x01f7]
[    0.806401] pci 0000:00:01.1: legacy IDE quirk: reg 0x14: [io  0x03f6]
[    0.809432] pci 0000:00:01.1: legacy IDE quirk: reg 0x18: [io  0x0170-0x0177]
[    0.831542] pci 0000:00:01.1: legacy IDE quirk: reg 0x1c: [io  0x0376]
[    0.858798] pci 0000:00:07.0: quirk: [io  0x4000-0x403f] claimed by PIIX4 ACPI
[    0.861654] pci 0000:00:07.0: quirk: [io  0x4100-0x410f] claimed by PIIX4 SMB
[    0.879685] ACPI: PCI Interrupt Link [LNKA] (IRQs 5 9 10 *11)
[    0.882904] ACPI: PCI Interrupt Link [LNKB] (IRQs 5 9 *10 11)
[    0.886017] ACPI: PCI Interrupt Link [LNKC] (IRQs 5 *9 10 11)
[    0.888934] ACPI: PCI Interrupt Link [LNKD] (IRQs 5 9 10 *11)
[    0.891929] ACPI: Enabled 2 GPEs in block 00 to 07
[    0.894553] vgaarb: setting as boot device: PCI:0000:00:02.0
[    0.896602] vgaarb: device added: PCI:0000:00:02.0,decodes=io+mem,owns=io+mem,locks=none
[    0.900079] vgaarb: loaded
[    0.901410] vgaarb: bridge control possible 0000:00:02.0
[    0.903837] SCSI subsystem initialized
[    0.905707] ACPI: bus type USB registered
[    0.907584] usbcore: registered new interface driver usbfs
[    0.909934] usbcore: registered new interface driver hub
[    0.912097] usbcore: registered new device driver usb
[    0.918893] PCI: Using ACPI for IRQ routing
[    0.921142] NetLabel: Initializing
[    0.922611] NetLabel:  domain hash size = 128
[    0.924408] NetLabel:  protocols = UNLABELED CIPSOv4
[    0.926235] NetLabel:  unlabeled traffic allowed by default
[    0.929281] amd_nb: Cannot enumerate AMD northbridges
[    0.931342] clocksource: Switched to clocksource kvm-clock
[    0.952421] AppArmor: AppArmor Filesystem Enabled
[    0.954451] pnp: PnP ACPI init
[    0.957072] pnp: PnP ACPI: found 3 devices
[    0.968942] clocksource: acpi_pm: mask: 0xffffff max_cycles: 0xffffff, max_idle_ns: 2085701024 ns
[    0.972391] NET: Registered protocol family 2
[    0.974261] TCP established hash table entries: 8192 (order: 4, 65536 bytes)
[    0.976946] TCP bind hash table entries: 8192 (order: 5, 131072 bytes)
[    0.979096] TCP: Hash tables configured (established 8192 bind 8192)
[    0.981421] UDP hash table entries: 512 (order: 2, 16384 bytes)
[    0.983849] UDP-Lite hash table entries: 512 (order: 2, 16384 bytes)
[    0.986655] NET: Registered protocol family 1
[    0.988429] pci 0000:00:00.0: Limiting direct PCI/PCI transfers
[    0.990494] pci 0000:00:01.0: Activating ISA DMA hang workarounds
[    0.993073] Unpacking initramfs...
[    1.447617] Freeing initrd memory: 14888K
[    1.450401] clocksource: tsc: mask: 0xffffffffffffffff max_cycles: 0x2135fb8e938, max_idle_ns: 440795220508 ns
[    1.460016] platform rtc_cmos: registered platform RTC device (no PNP device found)
[    1.463702] Scanning for low memory corruption every 60 seconds
[    1.466666] audit: initializing netlink subsys (disabled)
[    1.468693] audit: type=2000 audit(1648577665.413:1): initialized
[    1.471454] Initialise system trusted keyring
[    1.473669] HugeTLB registered 2 MB page size, pre-allocated 0 pages
[    1.479231] zbud: loaded
[    1.481400] VFS: Disk quotas dquot_6.6.0
[    1.483474] VFS: Dquot-cache hash table entries: 512 (order 0, 4096 bytes)
[    1.486509] squashfs: version 4.0 (2009/01/31) Phillip Lougher
[    1.489532] fuse init (API version 7.23)
[    1.491633] Key type big_key registered
[    1.493449] Allocating IMA MOK and blacklist keyrings.
[    1.497762] Key type asymmetric registered
[    1.499498] Asymmetric key parser 'x509' registered
[    1.501552] Block layer SCSI generic (bsg) driver version 0.4 loaded (major 249)
[    1.504747] io scheduler noop registered
[    1.506396] io scheduler deadline registered (default)
[    1.508431] io scheduler cfq registered
[    1.510207] pci_hotplug: PCI Hot Plug PCI Core version: 0.5
[    1.512504] pciehp: PCI Express Hot Plug Controller Driver version: 0.4
[    1.515060] ACPI: AC Adapter [AC] (on-line)
[    1.517411] input: Power Button as /devices/LNXSYSTM:00/LNXPWRBN:00/input/input0
[    1.521684] ACPI: Power Button [PWRF]
[    1.523269] input: Sleep Button as /devices/LNXSYSTM:00/LNXSLPBN:00/input/input1
[    1.526272] ACPI: Sleep Button [SLPF]
[    1.529007] GHES: HEST is not enabled!
[    1.530002] ACPI: Battery Slot [BAT0] (battery present)
[    1.533186] Serial: 8250/16550 driver, 32 ports, IRQ sharing enabled
[    1.556800] 00:02: ttyS0 at I/O 0x3f8 (irq = 4, base_baud = 115200) is a 16550A
[    1.563659] Linux agpgart interface v0.103
[    1.568630] loop: module loaded
[    1.571055] scsi host0: ata_piix
[    1.572860] scsi host1: ata_piix
[    1.574302] ata1: PATA max UDMA/33 cmd 0x1f0 ctl 0x3f6 bmdma 0xd000 irq 14
[    1.576684] ata2: PATA max UDMA/33 cmd 0x170 ctl 0x376 bmdma 0xd008 irq 15
[    1.579152] libphy: Fixed MDIO Bus: probed
[    1.580865] tun: Universal TUN/TAP device driver, 1.6
[    1.582830] tun: (C) 1999-2004 Max Krasnyansky <maxk@qualcomm.com>
[    1.585882] PPP generic driver version 2.4.2
[    1.588457] ehci_hcd: USB 2.0 'Enhanced' Host Controller (EHCI) Driver
[    1.591526] ehci-pci: EHCI PCI platform driver
[    1.593397] ehci-platform: EHCI generic platform driver
[    1.595419] ohci_hcd: USB 1.1 'Open' Host Controller (OHCI) Driver
[    1.597788] ohci-pci: OHCI PCI platform driver
[    1.599576] ohci-platform: OHCI generic platform driver
[    1.601512] uhci_hcd: USB Universal Host Controller Interface driver
[    1.603986] i8042: PNP: PS/2 Controller [PNP0303:PS2K,PNP0f03:PS2M] at 0x60,0x64 irq 1,12
[    1.607964] serio: i8042 KBD port at 0x60,0x64 irq 1
[    1.609812] serio: i8042 AUX port at 0x60,0x64 irq 12
[    1.612191] mousedev: PS/2 mouse device common for all mice
[    1.614676] input: AT Translated Set 2 keyboard as /devices/platform/i8042/serio0/input/input2
[    1.619095] rtc_cmos rtc_cmos: rtc core: registered rtc_cmos as rtc0
[    1.621756] rtc_cmos rtc_cmos: alarms up to one day, 114 bytes nvram
[    1.624326] i2c /dev entries driver
[    1.626278] device-mapper: uevent: version 1.0.3
[    1.628228] device-mapper: ioctl: 4.34.0-ioctl (2015-10-28) initialised: dm-devel@redhat.com
[    1.631303] ledtrig-cpu: registered to indicate activity on CPUs
[    1.633856] NET: Registered protocol family 10
[    1.635763] NET: Registered protocol family 17
[    1.637427] Key type dns_resolver registered
[    1.639644] registered taskstats version 1
[    1.641233] Loading compiled-in X.509 certificates
[    1.643669] Loaded X.509 cert 'Build time autogenerated kernel key: cf00e047681d67edb2720680708b7d9498083038'
[    1.647169] zswap: loaded using pool lzo/zbud
[    1.651462] Key type trusted registered
[    1.657458] Key type encrypted registered
[    1.659003] AppArmor: AppArmor sha1 policy hashing enabled
[    1.660954] ima: No TPM chip found, activating TPM-bypass!
[    1.662858] ima: Allocated hash algorithm: sha1
[    1.664727] evm: HMAC attrs: 0x1
[    1.666635]   Magic number: 14:239:242
[    1.668287] rtc_cmos rtc_cmos: setting system clock to 2022-03-29 18:14:20 UTC (1648577660)
[    1.671533] BIOS EDD facility v0.16 2004-Jun-25, 0 devices found
[    1.673559] EDD information not available.
[    1.762395] Freeing unused kernel memory: 1492K
[    1.764322] Write protecting the kernel read-only data: 14336k
[    1.767571] Freeing unused kernel memory: 1584K
[    1.769624] Freeing unused kernel memory: 52K
Loading, please wait...
starting version 229
[    1.791034] random: systemd-udevd: uninitialized urandom read (16 bytes read, 3 bits of entropy available)
[    1.792573] random: udevadm: uninitialized urandom read (16 bytes read, 3 bits of entropy available)
[    1.792625] random: udevadm: uninitialized urandom read (16 bytes read, 3 bits of entropy available)
[    1.802240] random: systemd-udevd: uninitialized urandom read (16 bytes read, 3 bits of entropy available)
[    1.807066] random: systemd-udevd: uninitialized urandom read (16 bytes read, 3 bits of entropy available)
[    1.811090] random: udevadm: uninitialized urandom read (16 bytes read, 3 bits of entropy available)
[    1.811209] random: udevadm: uninitialized urandom read (16 bytes read, 3 bits of entropy available)
[    1.811633] random: udevadm: uninitialized urandom read (16 bytes read, 3 bits of entropy available)
[    1.811733] random: udevadm: uninitialized urandom read (16 bytes read, 3 bits of entropy available)
[    1.811831] random: udevadm: uninitialized urandom read (16 bytes read, 3 bits of entropy available)
[    1.922807] Fusion MPT base driver 3.04.20
[    1.925350] Copyright (c) 1999-2008 LSI Corporation
[    1.955792] e1000: Intel(R) PRO/1000 Network Driver - version 7.3.21-k8-NAPI
[    1.959361] e1000: Copyright (c) 1999-2006 Intel Corporation.
[    1.982038] AVX2 version of gcm_enc/dec engaged.
[    1.984666] AES CTR mode by8 optimization enabled
[    2.003710] Fusion MPT SPI Host driver 3.04.20
[    2.170501] input: ImExPS/2 Generic Explorer Mouse as /devices/platform/i8042/serio1/input/input4
[    2.479558] e1000 0000:00:03.0 eth0: (PCI:33MHz:32-bit) 02:be:82:6b:cc:1d
[    2.482361] e1000 0000:00:03.0 eth0: Intel(R) PRO/1000 Network Connection
[    2.487021] mptbase: ioc0: Initiating bringup
[    3.461421] ioc0: LSI53C1030 A0: Capabilities={Initiator}
[    5.970893] scsi host2: ioc0: LSI53C1030 A0, FwRev=00000000h, Ports=1, MaxQ=256, IRQ=20
[    7.452980] scsi 2:0:0:0: Direct-Access     VBOX     HARDDISK         1.0  PQ: 0 ANSI: 5
[    7.468856] scsi target2:0:0: Beginning Domain Validation
[    7.483256] scsi target2:0:0: Domain Validation skipping write tests
[    7.489223] scsi target2:0:0: Ending Domain Validation
[    7.492748] scsi target2:0:0: asynchronous
[    7.497125] scsi 2:0:1:0: Direct-Access     VBOX     HARDDISK         1.0  PQ: 0 ANSI: 5
[    7.503522] scsi target2:0:1: Beginning Domain Validation
[    7.509627] scsi target2:0:1: Domain Validation skipping write tests
[    7.514046] scsi target2:0:1: Ending Domain Validation
[    7.517911] scsi target2:0:1: asynchronous
[    7.565605] sd 2:0:0:0: [sda] 83886080 512-byte logical blocks: (42.9 GB/40.0 GiB)
[    7.569638] sd 2:0:0:0: Attached scsi generic sg0 type 0
[    7.573446] sd 2:0:1:0: Attached scsi generic sg1 type 0
[    7.576822] sd 2:0:0:0: [sda] Write Protect is off
[    7.579214] sd 2:0:1:0: [sdb] 20480 512-byte logical blocks: (10.5 MB/10.0 MiB)
[    7.583622] sd 2:0:0:0: [sda] Incomplete mode parameter data
[    7.586692] sd 2:0:0:0: [sda] Assuming drive cache: write through
[    7.590269] sd 2:0:1:0: [sdb] Write Protect is off
[    7.593264] sd 2:0:1:0: [sdb] Incomplete mode parameter data
[    7.596932] sd 2:0:1:0: [sdb] Assuming drive cache: write through
[    7.616876]  sda: sda1
[    7.619669] sd 2:0:0:0: [sda] Attached SCSI disk
[    7.632995] sd 2:0:1:0: [sdb] Attached SCSI disk
[    7.943993] e1000 0000:00:08.0 eth1: (PCI:33MHz:32-bit) 08:00:27:81:58:bd
[    7.946328] e1000 0000:00:08.0 eth1: Intel(R) PRO/1000 Network Connection
[    7.951782] e1000 0000:00:03.0 enp0s3: renamed from eth0
[    7.968719] e1000 0000:00:08.0 enp0s8: renamed from eth1
Begin: Loading essential drivers ... [   10.022199] md: linear personality registered for level -1
[   10.029421] md: multipath personality registered for level -4
[   10.035791] md: raid0 personality registered for level 0
[   10.044032] md: raid1 personality registered for level 1
[   10.119454] raid6: sse2x1   gen()  5468 MB/s
[   10.187447] raid6: sse2x1   xor()  4508 MB/s
[   10.255412] raid6: sse2x2   gen()  6686 MB/s
[   10.323410] raid6: sse2x2   xor()  6541 MB/s
[   10.391408] raid6: sse2x4   gen()  8698 MB/s
[   10.459470] raid6: sse2x4   xor()  6537 MB/s
[   10.527388] raid6: avx2x1   gen() 12792 MB/s
[   10.595402] raid6: avx2x2   gen() 14022 MB/s
[   10.663459] raid6: avx2x4   gen() 16937 MB/s
[   10.665277] raid6: using algorithm avx2x4 gen() 16937 MB/s
[   10.667587] raid6: using avx2x2 recovery algorithm
[   10.671532] xor: automatically using best checksumming function:
[   10.711395]    avx       : 16031.000 MB/sec
[   10.715707] async_tx: api initialized (async)
[   10.730595] md: raid6 personality registered for level 6
[   10.732932] md: raid5 personality registered for level 5
[   10.734921] md: raid4 personality registered for level 4
[   10.747140] md: raid10 personality registered for level 10
done.
Begin: Running /scripts/init-premount ... done.
Begin: Mounting root file system ... Begin: Running /scripts/local-top ... done.
Begin: Running /scripts/local-premount ... [   10.798835] Btrfs loaded
Scanning for Btrfs filesystems
done.
Warning: fsck not present, so skipping root file system
[   11.264008] EXT4-fs (sda1): mounted filesystem with ordered data mode. Opts: (null)
done.
Begin: Running /scripts/local-bottom ... done.
Begin: Running /scripts/init-bottom ... done.
[   11.696122] random: nonblocking pool is initialized
[   14.026312] systemd[1]: systemd 229 running in system mode. (+PAM +AUDIT +SELINUX +IMA +APPARMOR +SMACK +SYSVINIT +UTMP +LIBCRYPTSETUP +GCRYPT +GNUTLS +ACL +XZ -LZ4 +SECCOMP +BLKID +ELFUTILS +KMOD -IDN)
[   14.034200] systemd[1]: Detected virtualization oracle.
[   14.036325] systemd[1]: Detected architecture x86-64.

Welcome to [1mUbuntu 16.04.7 LTS[0m!

[   14.099087] systemd[1]: Set hostname to <ubuntu>.
[   14.133930] systemd[1]: Initializing machine ID from random generator.
[   14.136528] systemd[1]: Installed transient /etc/machine-id file.
[   16.219449] systemd[1]: Listening on Journal Audit Socket.
[[0;32m  OK  [0m] Listening on Journal Audit Socket.
[   16.223124] systemd[1]: Reached target User and Group Name Lookups.
[[0;32m  OK  [0m] Reached target User and Group Name Lookups.
[   16.227172] systemd[1]: Set up automount Arbitrary Executable File Formats File System Automount Point.
[[0;32m  OK  [0m] Set up automount Arbitrary Executab...ats File System Automount Point.
[   16.240645] systemd[1]: Listening on Journal Socket (/dev/log).
[[0;32m  OK  [0m] Listening on Journal Socket (/dev/log).
[   16.252555] systemd[1]: Listening on Device-mapper event daemon FIFOs.
[[0;32m  OK  [0m] Listening on Device-mapper event daemon FIFOs.
[   16.257835] systemd[1]: Listening on /dev/initctl Compatibility Named Pipe.
[[0;32m  OK  [0m] Listening on /dev/initctl Compatibility Named Pipe.
[   16.264762] systemd[1]: Started Forward Password Requests to Wall Directory Watch.
[[0;32m  OK  [0m] Started Forward Password Requests to Wall Directory Watch.
[   16.275910] systemd[1]: Listening on LVM2 metadata daemon socket.
[[0;32m  OK  [0m] Listening on LVM2 metadata daemon socket.
[   16.279764] systemd[1]: Reached target System Time Synchronized.
[[0;32m  OK  [0m] Reached target System Time Synchronized.
[   16.284083] systemd[1]: Created slice User and Session Slice.
[[0;32m  OK  [0m] Created slice User and Session Slice.
[   16.287632] systemd[1]: Reached target Swap.
[[0;32m  OK  [0m] Reached target Swap.
[   16.290705] systemd[1]: Listening on fsck to fsckd communication Socket.
[[0;32m  OK  [0m] Listening on fsck to fsckd communication Socket.
[   16.296619] systemd[1]: Reached target Encrypted Volumes.
[[0;32m  OK  [0m] Reached target Encrypted Volumes.
[   16.301169] systemd[1]: Started Trigger resolvconf update for networkd DNS.
[[0;32m  OK  [0m] Started Trigger resolvconf update for networkd DNS.
[   16.307047] systemd[1]: Created slice System Slice.
[[0;32m  OK  [0m] Created slice System Slice.
[   16.310466] systemd[1]: Reached target Slices.
[[0;32m  OK  [0m] Reached target Slices.
[   16.313722] systemd[1]: Created slice system-serial\x2dgetty.slice.
[[0;32m  OK  [0m] Created slice system-serial\x2dgetty.slice.
[   16.317934] systemd[1]: Listening on Journal Socket.
[[0;32m  OK  [0m] Listening on Journal Socket.
[   16.339693] systemd[1]: Starting Uncomplicated firewall...
         Starting Uncomplicated firewall...
[   16.344866] systemd[1]: Mounting Debug File System...
         Mounting Debug File System...
[   16.349670] systemd[1]: Mounting POSIX Message Queue File System...
         Mounting POSIX Message Queue File System...
[   16.355218] systemd[1]: Starting Monitoring of LVM2 mirrors, snapshots etc. using dmeventd or progress polling...
         Starting Monitoring of LVM2 mirrors... dmeventd or progress polling...
[   16.370272] systemd[1]: Starting File System Check on Root Device...
         Starting File System Check on Root Device...
[   16.375928] systemd[1]: Mounting Huge Pages File System...
         Mounting Huge Pages File System...
[   16.381322] systemd[1]: Starting Create list of required static device nodes for the current kernel...
         Starting Create list of required st... nodes for the current kernel...
[   16.456188] systemd[1]: Starting Load Kernel Modules...
         Starting Load Kernel Modules...
[   16.461491] systemd[1]: Starting Nameserver information manager...
         Starting Nameserver information manager...
[   16.472678] systemd[1]: Listening on Syslog Socket.
[[0;32m  OK  [0m] Listening on Syslog Socket.
[   16.495694] systemd[1]: Starting Journal Service...
         Starting Journal Service...
[   16.500251] systemd[1]: Listening on udev Kernel Socket.
[[0;32m  OK  [0m] Listening on udev Kernel Socket.
[   16.505150] systemd[1]: Starting Set console keymap...
         Starting Set console keymap...
[   16.509060] systemd[1]: Listening on LVM2 poll daemon socket.
[[0;32m  OK  [0m] Listening on LVM2 poll daemon socket.
[   16.555689] systemd[1]: Listening on udev Control Socket.
[[0;32m  OK  [0m] Listening on udev Control Socket.
[   16.577981] systemd[1]: Mounted Huge Pages File System.
[[0;32m  OK  [0m] Mounted Huge Pages File System.
[   16.581814] systemd[1]: Mounted POSIX Message Queue File System.
[[0;32m  OK  [0m] Mounted POSIX Message Queue File System.
[   16.592270] systemd[1]: Mounted Debug File System.
[[0;32m  OK  [0m] Mounted Debug File System.
[   16.598143] systemd[1]: Started Uncomplicated firewall.
[[0;32m  OK  [0m] Started Uncomplicated firewall.
[   16.620607] systemd[1]: Started Create list of required static device nodes for the current kernel.
[[0;32m  OK  [0m] Started Create list of required sta...ce nodes for the current kernel.
[   16.630968] systemd[1]: Started File System Check Daemon to report status.
[[0;32m  OK  [0m] Started File System Check Daemon to report status.
[   16.644183] systemd[1]: Starting Create Static Device Nodes in /dev...
         Starting Create Static Device Nodes in /dev...
[   16.820399] systemd[1]: Started Nameserver information manager.
[[0;32m  OK  [0m] Started Nameserver information manager.
[   16.984914] systemd[1]: Started Set console keymap.
[[0;32m  OK  [0m] Started Set console keymap.
[   16.996767] systemd[1]: Started File System Check on Root Device.
[[0;32m  OK  [0m] Started File System Check on Root Device.
[   17.020120] systemd[1]: Starting Remount Root and Kernel File Systems...
         Starting Remount Root and Kernel File Systems...
[   17.050885] EXT4-fs (sda1): re-mounted. Opts: (null)
[   17.056042] systemd[1]: Started Remount Root and Kernel File Systems.
[[0;32m  OK  [0m] Started Remount Root and Kernel File Systems.
[   17.098458] Loading iSCSI transport class v2.0-870.
[   17.108180] systemd[1]: Starting udev Coldplug all Devices...
         Starting udev Coldplug all Devices...
[   17.113886] systemd[1]: Starting Load/Save Random Seed...
         Starting Load/Save Random Seed...
[   17.138211] systemd[1]: Started Journal Service.
[[0;32m  OK  [0m] Started Journal Service.
         Starting Flush Journal to Persistent Storage...
[   17.246788] iscsi: registered transport (tcp)
[[0;32m  OK  [0m] Started udev Coldplug all Devices.
[[0;32m  OK  [0m] Started Load/Save Random Seed.
[[0;32m  OK  [0m] Started LVM2 metadata daemon.
[   17.417351] systemd-journald[395]: Received request to flush runtime journal from PID 1
[[0;32m  OK  [0m] Started Flush Journal to Persistent Storage.
[[0;32m  OK  [0m] Started Create Static Device Nodes in /dev.
[   17.622473] iscsi: registered transport (iser)
         Starting udev Kernel Device Manager...
[[0;32m  OK  [0m] Started Load Kernel Modules.
         Mounting FUSE Control File System...
         Starting Apply Kernel Variables...
[[0;32m  OK  [0m] Mounted FUSE Control File System.
[[0;32m  OK  [0m] Started Apply Kernel Variables.
[[0;32m  OK  [0m] Started Monitoring of LVM2 mirrors,...ng dmeventd or progress polling.
[[0;32m  OK  [0m] Reached target Local File Systems (Pre).
[[0;32m  OK  [0m] Reached target Local File Systems.
         Starting Set console font and keymap...
         Starting Tell Plymouth To Write Out Runtime Data...
         Starting LSB: AppArmor initialization...
         Starting Initial cloud-init job (pre-networking)...
         Starting Create Volatile Files and Directories...
         Starting Commit a transient machine-id on disk...
[[0;32m  OK  [0m] Started Commit a transient machine-id on disk.
[[0;32m  OK  [0m] Started Create Volatile Files and Directories.
         Starting Update UTMP about System Boot/Shutdown...
[[0;32m  OK  [0m] Started Tell Plymouth To Write Out Runtime Data.
[[0;32m  OK  [0m] Started Update UTMP about System Boot/Shutdown.
[[0;32m  OK  [0m] Started udev Kernel Device Manager.
[[0;32m  OK  [0m] Started Dispatch Password Requests to Console Directory Watch.
[[0;32m  OK  [0m] Started Set console font and keymap.
[[0;32m  OK  [0m] Created slice system-getty.slice.
[[0;32m  OK  [0m] Found device /dev/ttyS0.
[[0;32m  OK  [0m] Listening on Load/Save RF Kill Switch Status /dev/rfkill Watch.
[[0;32m  OK  [0m] Started LSB: AppArmor initialization.
         Starting Load AppArmor profiles managed internally by snapd...
[[0;32m  OK  [0m] Started Load AppArmor profiles managed internally by snapd.
[   31.510089] cloud-init[482]: Cloud-init v. 21.1-19-gbad84ad4-0ubuntu1~16.04.2 running 'init-local' at Tue, 29 Mar 2022 18:14:48 +0000. Up 29.65 seconds.
[[0;32m  OK  [0m] Started Initial cloud-init job (pre-networking).
[[0;32m  OK  [0m] Reached target Network (Pre).
         Starting Raise network interfaces...
[[0;32m  OK  [0m] Started Raise network interfaces.
         Starting Initial cloud-init job (metadata service crawler)...
[[0;32m  OK  [0m] Reached target Network.
[   35.695035] cloud-init[963]: Cloud-init v. 21.1-19-gbad84ad4-0ubuntu1~16.04.2 running 'init' at Tue, 29 Mar 2022 18:14:52 +0000. Up 32.86 seconds.
[   35.699375] cloud-init[963]: ci-info: ++++++++++++++++++++++++++++++++++++++Net device info+++++++++++++++++++++++++++++++++++++++
[   35.704076] cloud-init[963]: ci-info: +--------+-------+----------------------------+---------------+--------+-------------------+
[   35.707898] cloud-init[963]: ci-info: | Device |   Up  |          Address           |      Mask     | Scope  |     Hw-Address    |
[   35.712220] cloud-init[963]: ci-info: +--------+-------+----------------------------+---------------+--------+-------------------+
[   35.724787] cloud-init[963]: ci-info: | enp0s3 |  True |         10.0.2.15          | 255.255.255.0 | global | 02:be:82:6b:cc:1d |
[   35.730795] cloud-init[963]: ci-info: | enp0s3 |  True | fe80::be:82ff:fe6b:cc1d/64 |       .       |  link  | 02:be:82:6b:cc:1d |
[   35.739211] cloud-init[963]: ci-info: | enp0s8 | False |             .              |       .       |   .    | 08:00:27:81:58:bd |
[   35.743458] cloud-init[963]: ci-info: |   lo   |  True |         127.0.0.1          |   255.0.0.0   |  host  |         .         |
[   35.747773] cloud-init[963]: ci-info: |   lo   |  True |          ::1/128           |       .       |  host  |         .         |
[   35.751855] cloud-init[963]: ci-info: +--------+-------+----------------------------+---------------+--------+-------------------+
[   35.760736] cloud-init[963]: ci-info: +++++++++++++++++++++++++++Route IPv4 info++++++++++++++++++++++++++++
[   35.764416] cloud-init[963]: ci-info: +-------+-------------+----------+---------------+-----------+-------+
[   35.772789] cloud-init[963]: ci-info: | Route | Destination | Gateway  |    Genmask    | Interface | Flags |
[   35.776629] cloud-init[963]: ci-info: +-------+-------------+----------+---------------+-----------+-------+
[   35.784799] cloud-init[963]: ci-info: |   0   |   0.0.0.0   | 10.0.2.2 |    0.0.0.0    |   enp0s3  |   UG  |
[   35.788423] cloud-init[963]: ci-info: |   1   |   10.0.2.0  | 0.0.0.0  | 255.255.255.0 |   enp0s3  |   U   |
[   35.792227] cloud-init[963]: ci-info: +-------+-------------+----------+---------------+-----------+-------+
[   35.799627] cloud-init[963]: ci-info: +++++++++++++++++++Route IPv6 info+++++++++++++++++++
[   35.804700] cloud-init[963]: ci-info: +-------+-------------+---------+-----------+-------+
[   35.808800] cloud-init[963]: ci-info: | Route | Destination | Gateway | Interface | Flags |
[   35.811433] cloud-init[963]: ci-info: +-------+-------------+---------+-----------+-------+
[   35.820754] cloud-init[963]: ci-info: |   0   |  fe80::/64  |    ::   |   enp0s3  |   U   |
[   35.823666] cloud-init[963]: ci-info: |   3   |   ff00::/8  |    ::   |   enp0s3  |   U   |
[   35.826122] cloud-init[963]: ci-info: +-------+-------------+---------+-----------+-------+
[   35.828812] cloud-init[963]: Generating public/private rsa key pair.
[   35.831056] cloud-init[963]: Your identification has been saved in /etc/ssh/ssh_host_rsa_key.
[   35.834292] cloud-init[963]: Your public key has been saved in /etc/ssh/ssh_host_rsa_key.pub.
[   35.836936] cloud-init[963]: The key fingerprint is:
[   35.838797] cloud-init[963]: SHA256:q4WUNRxFLAJjWSTdmXAnXYpEAETQRMKw719XcbiSCPs root@ubuntu-xenial
[   35.842107] cloud-init[963]: The key's randomart image is:
[   35.844964] cloud-init[963]: +---[RSA 2048]----+
[   35.847426] cloud-init[963]: |.ooB@B==*B+..    |
[   35.850033] cloud-init[963]: | ..oooo+==oo     |
[   35.852588] cloud-init[963]: |.   .  .=.+ .    |
[   35.854830] cloud-init[963]: | .   o + o +     |
[   35.857347] cloud-init[963]: |  . . + S o      |
[   35.860211] cloud-init[963]: | .   o . +       |
[   35.862942] cloud-init[963]: |  .   E +        |
[   35.865456] cloud-init[963]: |   . . +         |
[   35.867885] cloud-init[963]: |    . .          |
[   35.870466] cloud-init[963]: +----[SHA256]-----+
[   35.873299] cloud-init[963]: Generating public/private dsa key pair.
[   35.876410] cloud-init[963]: Your identification has been saved in /etc/ssh/ssh_host_dsa_key.
[   35.885568] cloud-init[963]: Your public key has been saved in /etc/ssh/ssh_host_dsa_key.pub.
[   35.888556] cloud-init[963]: The key fingerprint is:
[   35.891636] cloud-init[963]: SHA256:6O0Q0bouQQAqqwVmlfdOpWGaKGozRo1mVJ89sleoXBw root@ubuntu-xenial
[   35.896460] cloud-init[963]: The key's randomart image is:
[   35.899333] cloud-init[963]: +---[DSA 1024]----+
[   35.903949] cloud-init[963]: |...o.  E         |
[   35.908346] cloud-init[963]: |..o...++o.       |
[   35.910538] cloud-init[963]: |=oo.o+**=.       |
[   35.913104] cloud-init[963]: |+O ooo=Bo        |
[   35.917218] cloud-init[963]: |* o. +*.S        |
[   35.920932] cloud-init[963]: |o*  ...=         |
[   35.923797] cloud-init[963]: |+ o  .+ .        |
[   35.928368] cloud-init[963]: |    .. o         |
[   35.930892] cloud-init[963]: |     .. .        |
[   35.932384] cloud-init[963]: +----[SHA256]-----+
[   35.934924] cloud-init[963]: Generating public/private ecdsa key pair.
[[0;32m  OK  [0m] Started Initial cloud-init job (metadata service crawler).
[[0;32m  OK  [0m] Reached target System Initialization.
[[0;32m  OK  [0m] Listening on UUID daemon activation socket.
         Starting Socket activation for snappy daemon.
[[0;32m  OK  [0m] Started Daily apt download activities.
[[0;32m  OK  [0m] Started Daily Cleanup of Temporary Directories.
[[0;32m  OK  [0m] Started Ubuntu Advantage update messaging.
[   35.938740] cloud-init[963]: Your identification has been saved in /etc/ssh/ssh_host_ecdsa_key.
[[0;32m  OK  [0m] Started ACPI Events Check.
[[0;32m  OK  [0m] Reached target Paths.
[[0;32m  OK  [0m] Started Daily apt upgrade and clean activities.
[[0;32m  OK  [0m] Listening on D-Bus System Message Bus Socket.
[   35.955868] cloud-init[963]: Your public key has been saved in /etc/ssh/ssh_host_ecdsa_key.pub.
[   35.968455] cloud-init[963]: The key fingerprint is:
[   35.970370] cloud-init[963]: SHA256:d2++PDQAv9x+aLZ7BevT45mZVw3QZCDwtZomyfjea8U root@ubuntu-xenial
[   35.981067] cloud-init[963]: The key's randomart image is:
[   35.985825]          cloud-initStarting LXD - unix socket.[963]: 
+---[ECDSA 256]---+
[   35.988753] [cloud-init[0;32m  OK  [0m[963]: ] |        ... o+o  |Started Message of the Day.

[   35.992649] [[0;32m  OK  [0m] Reached target Timers.
[[0;32m  OK  [0m] Listening on ACPID Listen Socket.
[[0;32m  OK  [0m] Reached target Network is Online.
cloud-init[963]: |         ..o.o.  |
[   35.999390] cloud-init[963]: |          .o..   |
[   36.002079] cloud-init[963]: |       o . oo o  |
[   36.004395] cloud-init[963]: |      . S =o.+ +.|
[   36.006806] cloud-init[963]: |       . + .E.= +|         Starting iSCSI initiator daemon (iscsid)...
[[0;32m  OK  [0m] Reached target Cloud-config availability.
[[0;32m  OK  [0m] Listening on Socket activation for snappy daemon.
[[0;32m  OK  [0m] Listening on LXD - unix socket.

[   36.014036] [[0;32m  OK  [0m] Reached target Sockets.
[[0;32m  OK  [0m] Reached target Basic System.
cloud-init[963]: |        .  . +o+o|
         Starting System Logging Service...
         Starting LSB: MD monitoring daemon...
         Starting LXD - container startup/shutdown...
[   36.027280] cloud-init[963]: |       . ..  +O.X|
[   36.029924] cloud-init[963]: |        ..o. oB#o|
[   36.032156] cloud-init[963]: +----[SHA256]-----+
[   36.039893] cloud-init[963]: Generating public/private ed25519 key pair.
[   36.045372] cloud-init[963]: Your identification has been saved in /etc/ssh/ssh_host_ed25519_key.
[   36.050199] cloud-init[963]: Your public key has been saved in /etc/ssh/ssh_host_ed25519_key.pub.
[   36.054871] cloud-init[963]: The key fingerprint is:
[   36.057694] cloud-init[963]: SHA256:VqvoxxcC4hVYlglZW9IQmsV8qf/waZyAGvrAUnpHo38 root@ubuntu-xenial
[   36.061840] cloud-init[963]: The key's randomart image is:
[   36.064976] cloud-init[963]: +--[ED25519 256]--+
[   36.067744] cloud-init[[0;32m  OK  [0m] Started Regular background program processing daemon.
[963]:          Starting LSB: Record successful boot for GRUB...
|    .OO*..       |
[   36.076738] cloud-init[963]: |    o=*++        |
[   36.079525] cloud-init[963]: |    o .+  .      |
[   36.082295] cloud-init[963]: |    . +  . .     |
[   36.084887] cloud-init[963]: |  ..oo +S .      |
[   36.087632] cloud-init[963]: | + oo..o=..      |
[   36.090972] cloud-init[963]: |o =..o...B +     |
[   36.093655] cloud-init[963]: | o.+..E o O      |
[   36.095935] cloud-init[963]: |   .o... o       |
[   36.099355] cloud-init[963]: +----[SHA256]-----+
[[0;32m  OK  [0m] Started ACPI event daemon.
[[0;32m  OK  [0m] Started Deferred execution scheduler.
         Starting Snap Daemon...
         Starting Login Service...
         Starting Accounts Service...
         Starting /etc/rc.local Compatibility...
         Starting Pollinate to seed the pseudo random number generator...
         Starting Virtualbox guest utils...
[[0;32m  OK  [0m] Started FUSE filesystem for LXC.
[[0;32m  OK  [0m] Started D-Bus System Message Bus.
[[0;32m  OK  [0m] Started System Logging Service.
[[0;32m  OK  [0m] Started /etc/rc.local Compatibility.
[[0;32m  OK  [0m] Started Login Service.
[[0;32m  OK  [0m] Started Unattended Upgrades Shutdown.
[[0;32m  OK  [0m] Started iSCSI initiator daemon (iscsid).
         Starting Login to default iSCSI targets...
[[0;32m  OK  [0m] Started LSB: Record successful boot for GRUB.
         Starting Authenticate and Authorize Users to Run Privileged Tasks...
[[0;32m  OK  [0m] Started LSB: MD monitoring daemon.
[[0;32m  OK  [0m] Started Login to default iSCSI targets.
[[0;32m  OK  [0m] Reached target Remote File Systems (Pre).
[[0;32m  OK  [0m] Reached target Remote File Systems.
         Starting LSB: automatic crash report generation...
         Starting LSB: daemon to balance interrupts for SMP systems...
         Starting LSB: Set the CPU Frequency Scaling governor to "ondemand"...
         Starting Permit User Sessions...
[[0;32m  OK  [0m] Started LSB: Set the CPU Frequency Scaling governor to "ondemand".
[[0;32m  OK  [0m] Started Permit User Sessions.
         Starting Terminate Plymouth Boot Screen...
         Starting Hold until boot process finishes up...
[[0;32m  OK  [0m] Started Terminate Plymouth Boot Screen.
[[0;32m  OK  [0m] Started Hold until boot process finishes up.
[[0;32m  OK  [0m] Started Serial Getty on ttyS0.
[[0;32m  OK  [0m] Started Getty on tty1.
[[0;32m  OK  [0m] Reached target Login Prompts.
         Starting Set console scheme...
[[0;32m  OK  [0m] Started Set console scheme.
[[0;32m  OK  [0m] Started LSB: daemon to balance interrupts for SMP systems.
[[0;32m  OK  [0m] Started LSB: automatic crash report generation.
[[0;32m  OK  [0m] Started Authenticate and Authorize Users to Run Privileged Tasks.
[[0;32m  OK  [0m] Started Accounts Service.
[[0;32m  OK  [0m] Started Virtualbox guest utils.
[[0;32m  OK  [0m] Started LXD - container startup/shutdown.
[[0;32m  OK  [0m] Started Snap Daemon.
         Starting Wait until snapd is fully seeded...
[[0;32m  OK  [0m] Started Pollinate to seed the pseudo random number generator.
         Starting OpenBSD Secure Shell server...
[[0;32m  OK  [0m] Started OpenBSD Secure Shell server.
[[0;32m  OK  [0m] Created slice User Slice of vagrant.
         Starting User Manager for UID 1000...
[[0;32m  OK  [0m] Started Session 1 of user vagrant.
[[0;32m  OK  [0m] Started User Manager for UID 1000.

Ubuntu 16.04.7 LTS ubuntu-xenial ttyS0

ubuntu-xenial login: [   49.709757] cloud-init[1396]: Generating locales (this might take a while)...
[   52.211787] cloud-init[1396]:   en_US.UTF-8... done
[   52.212853] cloud-init[1396]: Generation complete.
[   55.430387] cloud-init[1396]: Cloud-init v. 21.1-19-gbad84ad4-0ubuntu1~16.04.2 running 'modules:config' at Tue, 29 Mar 2022 18:15:08 +0000. Up 48.93 seconds.
ci-info: no authorized SSH keys fingerprints found for user ubuntu.
<14>Mar 29 18:15:15 ec2: 
<14>Mar 29 18:15:15 ec2: #############################################################
<14>Mar 29 18:15:15 ec2: -----BEGIN SSH HOST KEY FINGERPRINTS-----
<14>Mar 29 18:15:15 ec2: 1024 SHA256:6O0Q0bouQQAqqwVmlfdOpWGaKGozRo1mVJ89sleoXBw root@ubuntu-xenial (DSA)
<14>Mar 29 18:15:15 ec2: 256 SHA256:d2++PDQAv9x+aLZ7BevT45mZVw3QZCDwtZomyfjea8U root@ubuntu-xenial (ECDSA)
<14>Mar 29 18:15:15 ec2: 256 SHA256:VqvoxxcC4hVYlglZW9IQmsV8qf/waZyAGvrAUnpHo38 root@ubuntu-xenial (ED25519)
<14>Mar 29 18:15:15 ec2: 2048 SHA256:q4WUNRxFLAJjWSTdmXAnXYpEAETQRMKw719XcbiSCPs root@ubuntu-xenial (RSA)
<14>Mar 29 18:15:15 ec2: -----END SSH HOST KEY FINGERPRINTS-----
<14>Mar 29 18:15:15 ec2: #############################################################
-----BEGIN SSH HOST KEY KEYS-----
ecdsa-sha2-nistp256 AAAAE2VjZHNhLXNoYTItbmlzdHAyNTYAAAAIbmlzdHAyNTYAAABBBEEReGJYCdLwTPwUHfM2HOjrIP0JKHtaH29Nq7yN3Bv4m1jD3MKiQ/s6UcjrpZ7/FMjexR6Of9S2KcSc43jzX1Y= root@ubuntu-xenial
ssh-ed25519 AAAAC3NzaC1lZDI1NTE5AAAAILGDvhQuZzzresHmBGumpMQdWThxukxaIU+Wfm8krlJ7 root@ubuntu-xenial
ssh-rsa AAAAB3NzaC1yc2EAAAADAQABAAABAQC+mf4pcihQCJLe2w9MCBE6Gz0iKdr4yoHhKd4Tzt+jW+niyw3ikxcrEppJpawmRI0CR8XqYPi/akN1afgrRw93q1nTcBZFR69IRNYn7Om1LDquNDaPHU4PgjQmc+87ZXYVt+TYFc05itzd2XiE/3hdDxlv/qDUcOm3ZQE+WuDXTpbOcqIXOS1xChD4e9TiVcBRLQK6LMUZZdH25LMLfVR1m+r1ut5Cs87LC9saPGlVNbmz7fG8rchW0HKJ50rt1YNZEkC4NZtwCCMCChsPj/LzvkraJoNaPksg3qVhAivJR5MobyHiBxHFNahQnT8Qaggt3SdbQgr4XOSVbD8oHCyL root@ubuntu-xenial
-----END SSH HOST KEY KEYS-----
[   56.840227] cloud-init[1575]: Cloud-init v. 21.1-19-gbad84ad4-0ubuntu1~16.04.2 running 'modules:final' at Tue, 29 Mar 2022 18:15:15 +0000. Up 56.28 seconds.
[   56.840708] cloud-init[1575]: ci-info: no authorized SSH keys fingerprints found for user ubuntu.
[   56.841820] cloud-init[1575]: Cloud-init v. 21.1-19-gbad84ad4-0ubuntu1~16.04.2 finished at Tue, 29 Mar 2022 18:15:16 +0000. Datasource DataSourceNoCloud [seed=/dev/sdb][dsmode=net].  Up 56.81 seconds
